
> zenn-to-qiita@1.0.0 build
> tsc

